﻿[36mvite v8.0.1 [32mbuilding client environment for production...[36m[39m
[2K
transforming...Γ£ô 43 modules transformed.
node.exe : [31mΓ£ù[39m Build failed in 
195ms
At line:1 char:1
+ & "C:\Program Files\nodejs/node.exe" 
"C:\Program Files\nodejs/node_mo ...
+ ~~~~~~~~~~~~~~~~~~~~~~~~~~~~~~~~~~~~~~~~~
~~~~~~~~~~~~~~~~~~~~~~~~~~~~
    + CategoryInfo          : NotSpecified 
   : ([31mΓ£ù[39m Build failed in 195ms  
  :String) [], RemoteException
    + FullyQualifiedErrorId : NativeComman 
   dError
 
[31merror during build:
[31mBuild failed with 1 error:

[plugin @tailwindcss/vite:generate:build] 
C:/Users/User/Desktop/treebay technology/tr
eebay-tech/client/src/index.css
CssSyntaxError: Missing opening {
    at Se (file:///C:/Users/User/Desktop/tr
eebay%20technology/treebay-tech/client/node
_modules/tailwindcss/dist/chunk-F4544Y4M.mj
s:1:3079)
    at yf (file:///C:/Users/User/Desktop/tr
eebay%20technology/treebay-tech/client/node
_modules/tailwindcss/dist/chunk-F4544Y4M.mj
s:38:1384)
    at uu (file:///C:/Users/User/Desktop/tr
eebay%20technology/treebay-tech/client/node
_modules/@tailwindcss/node/dist/index.mjs:1
0:3463)
    at B.generate (file:///C:/Users/User/De
sktop/treebay%20technology/treebay-tech/cli
ent/node_modules/@tailwindcss/vite/dist/ind
ex.mjs:1:5242)
    at TransformPluginContextImpl.handler (
file:///C:/Users/User/Desktop/treebay%20tec
hnology/treebay-tech/client/node_modules/@t
ailwindcss/vite/dist/index.mjs:1:3965)
    at TransformPluginContextImpl.handler (
file:///C:/Users/User/Desktop/treebay%20tec
hnology/treebay-tech/client/node_modules/vi
te/dist/node/chunks/node.js:33060:13)
    at plugin (file:///C:/Users/User/Deskto
p/treebay%20technology/treebay-tech/client/
node_modules/rolldown/dist/shared/bindingif
y-input-options-DoaqRULI.mjs:1111:30)
    at plugin.<computed> (file:///C:/Users/
User/Desktop/treebay%20technology/treebay-t
ech/client/node_modules/rolldown/dist/share
d/bindingify-input-options-DoaqRULI.mjs:157
5:18)[31m
    at aggregateBindingErrorsIntoJsError (f
ile:///C:/Users/User/Desktop/treebay%20tech
nology/treebay-tech/client/node_modules/rol
ldown/dist/shared/error-BO4SlZV_.mjs:48:18)
    at unwrapBindingResult (file:///C:/User
s/User/Desktop/treebay%20technology/treebay
-tech/client/node_modules/rolldown/dist/sha
red/error-BO4SlZV_.mjs:18:128)
    at #build (file:///C:/Users/User/Deskto
p/treebay%20technology/treebay-tech/client/
node_modules/rolldown/dist/shared/rolldown-
build-yQC7KN8K.mjs:3311:34)
    at async buildEnvironment (file:///C:/U
sers/User/Desktop/treebay%20technology/tree
bay-tech/client/node_modules/vite/dist/node
/chunks/node.js:32817:64)
    at async Object.build (file:///C:/Users
/User/Desktop/treebay%20technology/treebay-
tech/client/node_modules/vite/dist/node/chu
nks/node.js:33239:19)
    at async Object.buildApp (file:///C:/Us
ers/User/Desktop/treebay%20technology/treeb
ay-tech/client/node_modules/vite/dist/node/
chunks/node.js:33236:153)
    at async CAC.<anonymous> (file:///C:/Us
ers/User/Desktop/treebay%20technology/treeb
ay-tech/client/node_modules/vite/dist/node/
cli.js:778:3) {
  errors: [Getter/Setter]
}[39m
